2026-06-20 09:34:25,867 - INFO - Login Successful
2026-06-20 09:34:25,895 - INFO - Login Successful
2026-06-20 09:34:26,560 - INFO - Login process started
2026-06-20 09:34:26,567 - INFO - Login process started
2026-06-20 09:34:59,327 - INFO - User landed on PIM Page Successfully
2026-06-20 09:35:58,734 - INFO - Login Successful
2026-06-20 09:35:58,819 - INFO - Login Successful
2026-06-20 09:35:58,926 - INFO - Login Successful
2026-06-20 09:35:59,019 - INFO - Login Successful
2026-06-20 09:35:59,112 - INFO - Login Successful
2026-06-20 09:35:59,180 - INFO - Login Successful
2026-06-20 09:35:59,246 - INFO - Login Successful
2026-06-20 09:35:59,304 - INFO - Login Successful
2026-06-20 09:36:00,354 - INFO - Login process started
2026-06-20 09:36:00,356 - INFO - Login process started
2026-06-20 09:36:00,389 - INFO - Login process started
2026-06-20 09:36:00,462 - INFO - Login process started
2026-06-20 09:36:00,478 - INFO - Login process started
2026-06-20 09:36:46,353 - INFO - User landed on PIM Page Successfully
2026-06-20 09:38:20,246 - INFO - Login Successful
2026-06-20 09:38:20,279 - INFO - Login Successful
2026-06-20 09:38:20,347 - INFO - Login Successful
2026-06-20 09:38:21,119 - INFO - Login process started
2026-06-20 09:38:21,126 - INFO - Login process started
2026-06-20 09:38:21,147 - INFO - Login process started
2026-06-20 09:38:59,994 - INFO - User landed on PIM Page Successfully
2026-06-20 09:52:18,826 - INFO - Login Successful
2026-06-20 09:52:18,869 - INFO - Login Successful
2026-06-20 09:52:18,973 - INFO - Login Successful
2026-06-20 09:52:19,080 - INFO - Login Successful
2026-06-20 09:52:19,149 - INFO - Login Successful
2026-06-20 09:52:19,234 - INFO - Login Successful
2026-06-20 09:52:19,288 - INFO - Login Successful
2026-06-20 09:52:19,362 - INFO - Login Successful
2026-06-20 09:52:20,367 - INFO - Login process started
2026-06-20 09:52:20,401 - INFO - Login process started
2026-06-20 09:52:20,599 - INFO - Login process started
2026-06-20 09:52:20,706 - INFO - Login process started
2026-06-20 09:52:21,462 - INFO - Login process started
2026-06-20 09:53:17,968 - INFO - User landed on PIM Page Successfully
2026-06-20 11:57:23,230 - INFO - Login Successful
2026-06-20 11:57:23,950 - INFO - Login process started
2026-06-20 11:58:24,067 - INFO - User landed on PIM Page Successfully
2026-06-20 12:04:56,264 - INFO - Login Successful
2026-06-20 12:04:56,969 - INFO - Login process started
2026-06-20 12:05:41,635 - INFO - User landed on PIM Page Successfully
2026-06-20 12:19:31,242 - INFO - Login Successful
2026-06-20 12:19:31,298 - INFO - Login Successful
2026-06-20 12:19:32,028 - INFO - Login process started
2026-06-20 12:19:32,029 - INFO - Login process started
2026-06-20 12:20:37,413 - INFO - User landed on PIM Page Successfully
2026-06-20 12:21:04,643 - INFO - Login Successful
2026-06-20 12:21:04,710 - INFO - Login Successful
2026-06-20 12:21:04,813 - INFO - Login Successful
2026-06-20 12:21:04,875 - INFO - Login Successful
2026-06-20 12:21:04,980 - INFO - Login Successful
2026-06-20 12:21:06,075 - INFO - Login process started
2026-06-20 12:21:06,115 - INFO - Login process started
2026-06-20 12:21:06,176 - INFO - Login process started
2026-06-20 12:21:06,203 - INFO - Login process started
2026-06-20 12:21:06,231 - INFO - Login process started
2026-06-20 12:24:15,682 - INFO - Login Successful
2026-06-20 12:24:15,776 - INFO - Login Successful
2026-06-20 12:24:15,880 - INFO - Login Successful
2026-06-20 12:24:15,998 - INFO - Login Successful
2026-06-20 12:24:16,096 - INFO - Login Successful
2026-06-20 12:24:16,186 - INFO - Login Successful
2026-06-20 12:24:16,247 - INFO - Login Successful
2026-06-20 12:24:16,327 - INFO - Login Successful
2026-06-20 12:24:17,519 - INFO - Login process started
2026-06-20 12:24:17,581 - INFO - Login process started
2026-06-20 12:24:17,640 - INFO - Login process started
2026-06-20 12:24:17,643 - INFO - Login process started
2026-06-20 12:24:17,685 - INFO - Login process started
2026-06-20 12:25:10,683 - INFO - User landed on PIM Page Successfully
